// Jest Snapshot v1, https://goo.gl/fbAQLP

exports[`EditExpensePage Component Test should render EditExpensePage correctly 1`] = `
<div>
  <h1>
    Editing expense id is 
    1
  </h1>
  <ExpenseForm
    expense={
      Object {
        "amount": 195,
        "createdAt": 0,
        "description": "Gum",
        "id": "1",
        "note": "my note",
      }
    }
    onSubmit={[Function]}
  />
  <button
    onClick={[Function]}
  >
    Remove
  </button>
</div>
`;
